Command: C:\Espressif\python_env\idf5.5_py3.11_env\Scripts\python.exe C:\Users\ASUS\esp-idf\v5.5.1\esp-idf\tools/idf_monitor.py -p COM3 -b 115200 --toolchain-prefix xtensa-esp32-elf- --target esp32 --revision 0 C:\Users\ASUS\OneDrive\Desktop\ogo\Week-11-Special_topics\lab2\build\lab2.elf C:\Users\ASUS\OneDrive\Desktop\ogo\Week-11-Special_topics\lab2\build\bootloader\bootloader.elf --force-color -m 'C:\Espressif\python_env\idf5.5_py3.11_env\Scripts\python.exe' 'C:\Users\ASUS\esp-idf\v5.5.1\esp-idf\tools\idf.py' '-p' 'COM3'
 (41) boot.esp32: SPI Flash Size : 2MB
I (44ÔøΩets Jul 29 2019 12:21:46

rst:0x1 (POWERON_RESET),boot:0x13 (SPI_FAST_FLASH_BOOT)
configsip: 0, SPIWP:0xee
clk_drv:0x00,q_drv:0x00,d_drv:0x00,cs0_drv:0x00,hd_drv:0x00,wp_drv:0x00
mode:DIO, clock div:2
load:0x3fff0030,len:6380
ho 0 tail 12 room 4
load:0x40078000,len:15916
load:0x40080400,len:3860
entry 0x40080638
[0;32mI (29) boot: ESP-IDF v5.5.1 2nd stage bootloader[0m
[0;32mI (29) boot: compile time Oct  3 2025 17:15:34[0m
[0;32mI (29) boot: Multicore bootloader[0m
[0;32mI (31) boot: chip revision: v3.0[0m
[0;32mI (33) boot.esp32: SPI Speed      : 40MHz[0m
[0;32mI (37) boot.esp32: SPI Mode       : DIO[0m
[0;32mI (41) boot.esp32: SPI Flash Size : 2MB[0m
[0;32mI (44) boot: Enabling RNG early entropy source...[0m
[0;32mI (49) boot: Partition Table:[0m
[0;32mI (51) boot: ## Label            Usage          Type ST Offset   Length[0m
[0;32mI (58) boot:  0 nvs              WiFi data        01 02 00009000 00006000[0m
[0;32mI (64) boot:  1 phy_init         RF data          01 01 0000f000 00001000[0m
[0;32mI (71) boot:  2 factory          factory app      00 00 00010000 00100000[0m
[0;32mI (77) boot: End of partition table[0m
[0;32mI (81) esp_image: segment 0: paddr=00010020 vaddr=3f400020 size=0a70ch ( 42764) map[0m
[0;32mI (103) esp_image: segment 1: paddr=0001a734 vaddr=3ffb0000 size=023f8h (  9208) load[0m
[0;32mI (106) esp_image: segment 2: paddr=0001cb34 vaddr=40080000 size=034e4h ( 13540) load[0m
[0;32mI (112) esp_image: segment 3: paddr=00020020 vaddr=400d0020 size=14ce4h ( 85220) map[0m
[0;32mI (143) esp_image: segment 4: paddr=00034d0c vaddr=400834e4 size=09acch ( 39628) load[0m
[0;32mI (159) esp_image: segment 5: paddr=0003e7e0 vaddr=50000000 size=00020h (    32) load[0m
[0;32mI (166) boot: Loaded app from partition at offset 0x10000[0m
[0;32mI (166) boot: Disabling RNG early entropy source...[0m
[0;32mI (177) cpu_start: Multicore app[0m
[0;32mI (185) cpu_start: Pro cpu start user code[0m
[0;32mI (185) cpu_start: cpu freq: 160000000 Hz[0m
[0;32mI (185) app_init: Application information:[0m
[0;32mI (185) app_init: Project name:     lab2[0m
[0;32mI (189) app_init: App version:      63c869e[0m
[0;32mI (193) app_init: Compile time:     Oct  3 2025 17:13:31[0m
[0;32mI (198) app_init: ELF file SHA256:  9a7e13fc5...[0m
[0;32mI (202) app_init: ESP-IDF:          v5.5.1[0m
[0;32mI (206) efuse_init: Min chip rev:     v0.0[0m
[0;32mI (210) efuse_init: Max chip rev:     v3.99 [0m
[0;32mI (214) efuse_init: Chip rev:         v3.0[0m
[0;32mI (218) heap_init: Initializing. RAM available for dynamic allocation:[0m
[0;32mI (224) heap_init: At 3FFAE6E0 len 00001920 (6 KiB): DRAM[0m
[0;32mI (229) heap_init: At 3FFB2CC8 len 0002D338 (180 KiB): DRAM[0m
[0;32mI (235) heap_init: At 3FFE0440 len 00003AE0 (14 KiB): D/IRAM[0m
[0;32mI (240) heap_init: At 3FFE4350 len 0001BCB0 (111 KiB): D/IRAM[0m
[0;32mI (245) heap_init: At 4008CFB0 len 00013050 (76 KiB): IRAM[0m
[0;32mI (252) spi_flash: detected chip: generic[0m
[0;32mI (254) spi_flash: flash io: dio[0m
[0;33mW (257) spi_flash: Detected size(4096k) larger than the size in the binary image header(2048k). Using the size in the binary image header.[0m
[0;33mW (269) ADC: legacy driver is deprecated, please migrate to `esp_adc/adc_oneshot.h`[0m
[0;32mI (277) main_task: Started on CPU0[0m
[0;32mI (287) main_task: Calling app_main()[0m
[0;32mI (287) ADC_LDR: eFuse Two Point: ‡πÑ‡∏°‡πà‡∏£‡∏≠‡∏á‡∏£‡∏±‡∏ö[0m
[0;32mI (287) ADC_LDR: eFuse Vref: ‡∏£‡∏≠‡∏á‡∏£‡∏±‡∏ö[0m
[0;32mI (287) ADC_LDR: ‡πÉ‡∏ä‡πâ‡∏Å‡∏≤‡∏£‡∏õ‡∏£‡∏±‡∏ö‡πÄ‡∏ó‡∏µ‡∏¢‡∏ö‡πÅ‡∏ö‡∏ö eFuse Vref[0m
[0;32mI (297) ADC_LDR: ‡∏ó‡∏î‡∏™‡∏≠‡∏ö‡πÄ‡∏ã‡∏ô‡πÄ‡∏ã‡∏≠‡∏£‡πå‡πÅ‡∏™‡∏á LDR ‡∏Ç‡∏≠‡∏á ESP32[0m
[0;32mI (307) ADC_LDR: Pin: GPIO35 (ADC1_CH7)[0m
[0;32mI (307) ADC_LDR: ‡∏ä‡πà‡∏ß‡∏á: 0-3.3V[0m
[0;32mI (307) ADC_LDR: ‡∏Ñ‡∏ß‡∏≤‡∏°‡∏•‡∏∞‡πÄ‡∏≠‡∏µ‡∏¢‡∏î: 12-bit (0-4095)[0m
[0;32mI (317) ADC_LDR: Attenuation: 11dB[0m
[0;32mI (317) ADC_LDR: ------------------------[0m
[0;32mI (327) ADC_LDR: ADC: 1899 | ‡πÅ‡∏£‡∏á‡∏î‡∏±‡∏ô: 1.70V | ‡∏£‡∏∞‡∏î‡∏±‡∏ö‡πÅ‡∏™‡∏á: 46.4% | ‡∏™‡∏ñ‡∏≤‡∏ô‡∏∞: ‡πÅ‡∏™‡∏á‡∏ô‡πâ‡∏≠‡∏¢[0m
[0;32mI (1337) ADC_LDR: ADC: 1885 | ‡πÅ‡∏£‡∏á‡∏î‡∏±‡∏ô: 1.69V | ‡∏£‡∏∞‡∏î‡∏±‡∏ö‡πÅ‡∏™‡∏á: 46.0% | ‡∏™‡∏ñ‡∏≤‡∏ô‡∏∞: ‡πÅ‡∏™‡∏á‡∏ô‡πâ‡∏≠‡∏¢[0m
[0;32mI (2337) ADC_LDR: ADC: 1888 | ‡πÅ‡∏£‡∏á‡∏î‡∏±‡∏ô: 1.69V | ‡∏£‡∏∞‡∏î‡∏±‡∏ö‡πÅ‡∏™‡∏á: 46.1% | ‡∏™‡∏ñ‡∏≤‡∏ô‡∏∞: ‡πÅ‡∏™‡∏á‡∏ô‡πâ‡∏≠‡∏¢[0m
[0;32mI (3337) ADC_LDR: ADC: 1886 | ‡πÅ‡∏£‡∏á‡∏î‡∏±‡∏ô: 1.69V | ‡∏£‡∏∞‡∏î‡∏±‡∏ö‡πÅ‡∏™‡∏á: 46.1% | ‡∏™‡∏ñ‡∏≤‡∏ô‡∏∞: ‡πÅ‡∏™‡∏á‡∏ô‡πâ‡∏≠‡∏¢[0m
[0;32mI (4337) ADC_LDR: ADC: 1893 | ‡πÅ‡∏£‡∏á‡∏î‡∏±‡∏ô: 1.70V | ‡∏£‡∏∞‡∏î‡∏±‡∏ö‡πÅ‡∏™‡∏á: 46.2% | ‡∏™‡∏ñ‡∏≤‡∏ô‡∏∞: ‡πÅ‡∏™‡∏á‡∏ô‡πâ‡∏≠‡∏¢[0m
[0;32mI (5337) ADC_LDR: ADC: 1895 | ‡πÅ‡∏£‡∏á‡∏î‡∏±‡∏ô: 1.70V | ‡∏£‡∏∞‡∏î‡∏±‡∏ö‡πÅ‡∏™‡∏á: 46.3% | ‡∏™‡∏ñ‡∏≤‡∏ô‡∏∞: ‡πÅ‡∏™‡∏á‡∏ô‡πâ‡∏≠‡∏¢[0m
[0;32mI (6337) ADC_LDR: ADC: 1894 | ‡πÅ‡∏£‡∏á‡∏î‡∏±‡∏ô: 1.70V | ‡∏£‡∏∞‡∏î‡∏±‡∏ö‡πÅ‡∏™‡∏á: 46.3% | ‡∏™‡∏ñ‡∏≤‡∏ô‡∏∞: ‡πÅ‡∏™‡∏á‡∏ô‡πâ‡∏≠‡∏¢[0m
[0;32mI (7337) ADC_LDR: ADC: 1896 | ‡πÅ‡∏£‡∏á‡∏î‡∏±‡∏ô: 1.70V | ‡∏£‡∏∞‡∏î‡∏±‡∏ö‡πÅ‡∏™‡∏á: 46.3% | ‡∏™‡∏ñ‡∏≤‡∏ô‡∏∞: ‡πÅ‡∏™‡∏á‡∏ô‡πâ‡∏≠‡∏¢[0m
[0;32mI (8337) ADC_LDR: ADC: 1895 | ‡πÅ‡∏£‡∏á‡∏î‡∏±‡∏ô: 1.70V | ‡∏£‡∏∞‡∏î‡∏±‡∏ö‡πÅ‡∏™‡∏á: 46.3% | ‡∏™‡∏ñ‡∏≤‡∏ô‡∏∞: ‡πÅ‡∏™‡∏á‡∏ô‡πâ‡∏≠‡∏¢[0m
[0;32mI (9337) ADC_LDR: ADC: 1898 | ‡πÅ‡∏£‡∏á‡∏î‡∏±‡∏ô: 1.70V | ‡∏£‡∏∞‡∏î‡∏±‡∏ö‡πÅ‡∏™‡∏á: 46.3% | ‡∏™‡∏ñ‡∏≤‡∏ô‡∏∞: ‡πÅ‡∏™‡∏á‡∏ô‡πâ‡∏≠‡∏¢[0m
[0;32mI (10337) ADC_LDR: ADC: 1898 | ‡πÅ‡∏£‡∏á‡∏î‡∏±‡∏ô: 1.70V | ‡∏£‡∏∞‡∏î‡∏±‡∏ö‡πÅ‡∏™‡∏á: 46.3% | ‡∏™‡∏ñ‡∏≤‡∏ô‡∏∞: ‡πÅ‡∏™‡∏á‡∏ô‡πâ‡∏≠‡∏¢[0m
[0;32mI (11337) ADC_LDR: ADC: 1903 | ‡πÅ‡∏£‡∏á‡∏î‡∏±‡∏ô: 1.70V | ‡∏£‡∏∞‡∏î‡∏±‡∏ö‡πÅ‡∏™‡∏á: 46.5% | ‡∏™‡∏ñ‡∏≤‡∏ô‡∏∞: ‡πÅ‡∏™‡∏á‡∏ô‡πâ‡∏≠‡∏¢[0m
[0;32mI (12337) ADC_LDR: ADC: 398 | ‡πÅ‡∏£‡∏á‡∏î‡∏±‡∏ô: 0.47V | ‡∏£‡∏∞‡∏î‡∏±‡∏ö‡πÅ‡∏™‡∏á: 9.7% | ‡∏™‡∏ñ‡∏≤‡∏ô‡∏∞: ‡∏°‡∏∑‡∏î[0m
[0;32mI (13337) ADC_LDR: ADC: 428 | ‡πÅ‡∏£‡∏á‡∏î‡∏±‡∏ô: 0.49V | ‡∏£‡∏∞‡∏î‡∏±‡∏ö‡πÅ‡∏™‡∏á: 10.5% | ‡∏™‡∏ñ‡∏≤‡∏ô‡∏∞: ‡∏°‡∏∑‡∏î[0m
[0;32mI (14337) ADC_LDR: ADC: 534 | ‡πÅ‡∏£‡∏á‡∏î‡∏±‡∏ô: 0.58V | ‡∏£‡∏∞‡∏î‡∏±‡∏ö‡πÅ‡∏™‡∏á: 13.0% | ‡∏™‡∏ñ‡∏≤‡∏ô‡∏∞: ‡∏°‡∏∑‡∏î[0m
[0;32mI (15337) ADC_LDR: ADC: 1803 | ‡πÅ‡∏£‡∏á‡∏î‡∏±‡∏ô: 1.62V | ‡∏£‡∏∞‡∏î‡∏±‡∏ö‡πÅ‡∏™‡∏á: 44.0% | ‡∏™‡∏ñ‡∏≤‡∏ô‡∏∞: ‡πÅ‡∏™‡∏á‡∏ô‡πâ‡∏≠‡∏¢[0m
[0;32mI (16337) ADC_LDR: ADC: 1835 | ‡πÅ‡∏£‡∏á‡∏î‡∏±‡∏ô: 1.65V | ‡∏£‡∏∞‡∏î‡∏±‡∏ö‡πÅ‡∏™‡∏á: 44.8% | ‡∏™‡∏ñ‡∏≤‡∏ô‡∏∞: ‡πÅ‡∏™‡∏á‡∏ô‡πâ‡∏≠‡∏¢[0m
[0;32mI (17337) ADC_LDR: ADC: 1864 | ‡πÅ‡∏£‡∏á‡∏î‡∏±‡∏ô: 1.67V | ‡∏£‡∏∞‡∏î‡∏±‡∏ö‡πÅ‡∏™‡∏á: 45.5% | ‡∏™‡∏ñ‡∏≤‡∏ô‡∏∞: ‡πÅ‡∏™‡∏á‡∏ô‡πâ‡∏≠‡∏¢[0m
[0;32mI (18337) ADC_LDR: ADC: 1831 | ‡πÅ‡∏£‡∏á‡∏î‡∏±‡∏ô: 1.64V | ‡∏£‡∏∞‡∏î‡∏±‡∏ö‡πÅ‡∏™‡∏á: 44.7% | ‡∏™‡∏ñ‡∏≤‡∏ô‡∏∞: ‡πÅ‡∏™‡∏á‡∏ô‡πâ‡∏≠‡∏¢[0m
[0;32mI (19337) ADC_LDR: ADC: 1801 | ‡πÅ‡∏£‡∏á‡∏î‡∏±‡∏ô: 1.62V | ‡∏£‡∏∞‡∏î‡∏±‡∏ö‡πÅ‡∏™‡∏á: 44.0% | ‡∏™‡∏ñ‡∏≤‡∏ô‡∏∞: ‡πÅ‡∏™‡∏á‡∏ô‡πâ‡∏≠‡∏¢[0m
[0;32mI (20337) ADC_LDR: ADC: 1826 | ‡πÅ‡∏£‡∏á‡∏î‡∏±‡∏ô: 1.64V | ‡∏£‡∏∞‡∏î‡∏±‡∏ö‡πÅ‡∏™‡∏á: 44.6% | ‡∏™‡∏ñ‡∏≤‡∏ô‡∏∞: ‡πÅ‡∏™‡∏á‡∏ô‡πâ‡∏≠‡∏¢[0m
[0;32mI (21337) ADC_LDR: ADC: 1813 | ‡πÅ‡∏£‡∏á‡∏î‡∏±‡∏ô: 1.63V | ‡∏£‡∏∞‡∏î‡∏±‡∏ö‡πÅ‡∏™‡∏á: 44.3% | ‡∏™‡∏ñ‡∏≤‡∏ô‡∏∞: ‡πÅ‡∏™‡∏á‡∏ô‡πâ‡∏≠‡∏¢[0m
[0;32mI (22337) ADC_LDR: ADC: 1798 | ‡πÅ‡∏£‡∏á‡∏î‡∏±‡∏ô: 1.62V | ‡∏£‡∏∞‡∏î‡∏±‡∏ö‡πÅ‡∏™‡∏á: 43.9% | ‡∏™‡∏ñ‡∏≤‡∏ô‡∏∞: ‡πÅ‡∏™‡∏á‡∏ô‡πâ‡∏≠‡∏¢[0m
[0;32mI (23337) ADC_LDR: ADC: 1791 | ‡πÅ‡∏£‡∏á‡∏î‡∏±‡∏ô: 1.61V | ‡∏£‡∏∞‡∏î‡∏±‡∏ö‡πÅ‡∏™‡∏á: 43.7% | ‡∏™‡∏ñ‡∏≤‡∏ô‡∏∞: ‡πÅ‡∏™‡∏á‡∏ô‡πâ‡∏≠‡∏¢[0m
[0;32mI (24337) ADC_LDR: ADC: 1847 | ‡πÅ‡∏£‡∏á‡∏î‡∏±‡∏ô: 1.66V | ‡∏£‡∏∞‡∏î‡∏±‡∏ö‡πÅ‡∏™‡∏á: 45.1% | ‡∏™‡∏ñ‡∏≤‡∏ô‡∏∞: ‡πÅ‡∏™‡∏á‡∏ô‡πâ‡∏≠‡∏¢[0m
[0;32mI (25337) ADC_LDR: ADC: 1850 | ‡πÅ‡∏£‡∏á‡∏î‡∏±‡∏ô: 1.66V | ‡∏£‡∏∞‡∏î‡∏±‡∏ö‡πÅ‡∏™‡∏á: 45.2% | ‡∏™‡∏ñ‡∏≤‡∏ô‡∏∞: ‡πÅ‡∏™‡∏á‡∏ô‡πâ‡∏≠‡∏¢[0m
[0;32mI (26337) ADC_LDR: ADC: 1854 | ‡πÅ‡∏£‡∏á‡∏î‡∏±‡∏ô: 1.66V | ‡∏£‡∏∞‡∏î‡∏±‡∏ö‡πÅ‡∏™‡∏á: 45.3% | ‡∏™‡∏ñ‡∏≤‡∏ô‡∏∞: ‡πÅ‡∏™‡∏á‡∏ô‡πâ‡∏≠‡∏¢[0m
[0;32mI (27337) ADC_LDR: ADC: 1856 | ‡πÅ‡∏£‡∏á‡∏î‡∏±‡∏ô: 1.67V | ‡∏£‡∏∞‡∏î‡∏±‡∏ö‡πÅ‡∏™‡∏á: 45.3% | ‡∏™‡∏ñ‡∏≤‡∏ô‡∏∞: ‡πÅ‡∏™‡∏á‡∏ô‡πâ‡∏≠‡∏¢[0m
[0;32mI (28337) ADC_LDR: ADC: 1858 | ‡πÅ‡∏£‡∏á‡∏î‡∏±‡∏ô: 1.67V | ‡∏£‡∏∞‡∏î‡∏±‡∏ö‡πÅ‡∏™‡∏á: 45.4% | ‡∏™‡∏ñ‡∏≤‡∏ô‡∏∞: ‡πÅ‡∏™‡∏á‡∏ô‡πâ‡∏≠‡∏¢[0m
[0;32mI (29337) ADC_LDR: ADC: 1861 | ‡πÅ‡∏£‡∏á‡∏î‡∏±‡∏ô: 1.67V | ‡∏£‡∏∞‡∏î‡∏±‡∏ö‡πÅ‡∏™‡∏á: 45.4% | ‡∏™‡∏ñ‡∏≤‡∏ô‡∏∞: ‡πÅ‡∏™‡∏á‡∏ô‡πâ‡∏≠‡∏¢[0m
